vl6180x_api.c:2643:12:_DMax_InitData	40	static
vl6180x_api.c:1539:5:VL6180x_RangeSetMaxConvergenceTime.part.6	32	static
vl6180x_api.c:123:13:VL6180x_RangeGetStatusErrString	0	static
vl6180x_api.c:203:5:VL6180x_WaitDeviceBooted	16	static
vl6180x_api.c:215:5:VL6180x_InitData	24	static
vl6180x_api.c:296:8:VL6180x_GetOffsetCalibrationData	0	static
vl6180x_api.c:305:6:VL6180x_SetOffsetCalibrationData	4	static
vl6180x_api.c:316:6:VL6180x_SetXTalkCompensationRate	40	static
vl6180x_api.c:332:5:VL6180x_SetI2CAddress	0	static
vl6180x_api.c:345:10:VL6180x_GetUpperLimit	0	static
vl6180x_api.c:410:5:VL6180x_SetGroupParamHold	0	static
vl6180x_api.c:798:5:VL6180x_GetCachedDWord	8	static
vl6180x_api.c:818:5:VL6180x_GetCachedWord	8	static
vl6180x_api.c:835:5:VL6180x_GetCachedByte	4	static
vl6180x_api.c:852:5:_CachedRegs_Fetch	8	static
vl6180x_api.c:866:6:_CachedRegs_Flush	0	static
vl6180x_api.c:882:5:VL6180x_RangeGetMeasurement	104	static
vl6180x_api.c:737:5:VL6180x_RangePollMeasurement	32	static
vl6180x_api.c:943:5:VL6180x_RangeGetMeasurementIfReady	24	static
vl6180x_api.c:971:5:VL6180x_FilterSetState	0	static
vl6180x_api.c:985:5:VL6180x_FilterGetState	0	static
vl6180x_api.c:998:5:VL6180x_RangeGetResult	24	static
vl6180x_api.c:1015:5:VL6180x_RangeSetRawThresholds	16	static
vl6180x_api.c:1029:5:VL6180x_RangeSetThresholds	24	static
vl6180x_api.c:1063:5:VL6180x_RangeGetThresholds	32	static
vl6180x_api.c:1095:5:VL6180x_RangeGetInterruptStatus	16	static
vl6180x_api.c:1110:5:VL6180x_GetInterruptStatus	0	static
vl6180x_api.c:1119:5:VL6180x_ClearInterrupt	0	static
vl6180x_api.c:1202:5:VL6180x_UpscaleRegInit	8	static
vl6180x_api.c:362:5:VL6180x_StaticInit	24	static
vl6180x_api.c:1256:5:VL6180x_UpscaleSetScaling	16	static
vl6180x_api.c:427:5:VL6180x_Prepare	16	static
vl6180x_api.c:1320:5:VL6180x_UpscaleGetScaling	0	static
vl6180x_api.c:1361:5:VL6180x_SetGPIOxPolarity	0	static
vl6180x_api.c:1390:5:VL6180x_SetGPIOxFunctionality	0	static
vl6180x_api.c:1419:5:VL6180x_SetupGPIOx	0	static
vl6180x_api.c:1452:5:VL6180x_DisableGPIOxOut	0	static
vl6180x_api.c:1465:5:VL6180x_SetupGPIO1	0	static
vl6180x_api.c:1474:5:VL6180x_RangeConfigInterrupt	0	static
vl6180x_api.c:1491:5:VL6180x_RangeSetEceFactor	24	static
vl6180x_api.c:1522:5:VL6180x_RangeSetEceState	0	static
vl6180x_api.c:1539:5:VL6180x_RangeSetMaxConvergenceTime	32	static
vl6180x_api.c:1558:5:VL6180x_RangeSetInterMeasPeriod	0	static
vl6180x_api.c:1587:5:VL6180x_RangeGetDeviceReady	16	static
vl6180x_api.c:1600:5:VL6180x_RangeWaitDeviceReady	24	static
vl6180x_api.c:1626:5:VL6180x_RangeSetSystemMode	0	static
vl6180x_api.c:1647:5:VL6180x_RangeStartContinuousMode	0	static
vl6180x_api.c:1656:5:VL6180x_RangeStartSingleShot	0	static
vl6180x_api.c:1748:5:VL6180x_RangeIgnoreSetEnable	40	static
vl6180x_api.c:1765:5:VL6180x_RangeIgnoreConfigure	40	static
vl6180x_api.c:2520:5:VL6180x_DMaxSetState	40	static
vl6180x_api.c:2538:5:VL6180x_DMaxGetState	0	static
vl6180x_api.c:2565:10:VL6180x_SqrtUint32	0	static
vl6180x_api.c:2588:6:_DMax_OneTimeInit	0	static
