sensors.c:63:9:initIMU	16	static
sensors.c:80:6:tryReadSensors	24	static
sensors.c:124:9:readPressure	32	static
sensors.c:150:9:readIMU	64	static
sensors.c:166:9:readLaser	16	static
sensors.c:173:9:readLaserTo	72	static
sensors.c:234:13:canStandBy	16	static
sensors.c:238:6:canConfig	56	static
sensors.c:278:6:canSend	8	static
sensors.c:297:6:HandleCANbusReceive	4	static
sensors.c:301:6:HAL_CAN_RxFifo0MsgPendingCallback	16	static
sensors.c:323:13:wait_for_gpio_state_timeout_us	24	static
sensors.c:330:9:my_I2C_CheckError	16	static
sensors.c:358:6:HAL_I2C_ErrorCallback	56	static,ignoring_inline_asm
