sensors.c:62:6:tryReadSensors	24	static
sensors.c:102:9:readPressure	24	static
sensors.c:121:9:readIMU	16	static
sensors.c:133:9:readLaser	16	static
sensors.c:140:9:readLaserTo	24	static
sensors.c:198:13:canStandBy	16	static
sensors.c:202:6:canConfig	56	static
sensors.c:242:6:canSend	8	static
sensors.c:261:6:HandleCANbusReceive	4	static
sensors.c:265:6:HAL_CAN_RxFifo0MsgPendingCallback	16	static
sensors.c:287:13:wait_for_gpio_state_timeout_us	24	static
sensors.c:294:9:my_I2C_CheckError	16	static
sensors.c:301:6:HAL_I2C_ErrorCallback	48	static,ignoring_inline_asm
